# Logfile created on 2023-04-21 18:20:53 +0100 by logger.rb/v1.4.2
I, [2023-04-21T18:20:53.895075 #2608]  INFO -- : Something happened
